// Jest Snapshot v1, https://goo.gl/fbAQLP

exports[`<Card/> should have the right class names 1`] = `
<article
  className="rainbow-card"
>
  <div
    className="rainbow-card_header-container"
  >
    <header
      className="rainbow-card_header"
    >
      <h2>
        <a
          className="rainbow-card_header-link"
          href="javascript:void(0);"
        >
          <span
            className="rainbow-card_title"
          >
            Card Header
          </span>
        </a>
      </h2>
    </header>
    <div>
      <div>
        Testing actions node
      </div>
    </div>
  </div>
  <div>
    <div>
      Testing childrens
    </div>
  </div>
  <footer
    className="rainbow-card_footer"
  >
    Card Footer
  </footer>
</article>
`;
